15
1 40
2 1
1 2
1 2
6 3
8 8
1 17
1 8
15
4 2
13 3
126
1
1 1
1 8
9 1
13
2
3 4
8 1
2 22
5 7
34 3
1 15
1 5
3 1
5
1
1 2
1 15
1 21
1 25
2 17
1 50
19
1 7
3 1
3 3
2 5
5 6
1 11
1 31
4
8 10
4
4 13
6
2 4
51
3 5
8 1
1 1
1 10
2 4
2 30
1 4
2 14
2 1
3 2
1 10
4 9
5 1
2 5
2 1
6 18
2 16
1 9
1 36
22
2 15
2 5
1 1
1 3
5 1
2 6
9
1 2
1 7
1
2 4
1 3
3 7
2 2
5
2 8
3 6
2 15
37 2
1 9
3 1
1 44
6
27 1
1 4
2 23
2 1
1 5
1 35
6 3
3 24
7
7 2
2
2 5
3 2
2 16
2 3
1
1
1 28
16
2 4
1 2
120
1 19
1 43
188
3 15
4 7
1 4
7 11
4 3
28
2 4
1 21
2 1
1 34
7
25
8 1
4 6
2 1
2 5
2 15
48
3 11
2
1 67
3 1
1
5
10 1
32 1
2 6
1 3
3
1 1
1 27
1 2
7 6
4 2
3 2
3
1 2
3
10
4 7
1 5
143
3 14
4 4
2 18
1 2
3
1 21
2 6
10
3 18
1 3
1 3
5
8 8
1 1
1 49
1 11
1 16
3 14
1 1
7 14
5 11
1 23
9
4 1
2
1 20
2 7
3
2 6
5
5 1
2
2 10
1
2 6
6 1
1 28
4 2
176
120
1
1 6
44 1
1 23
21 4
1 29
1 8
2 3
1 29
1 12
1 3
3 16
1 1
6 2
1 31
7 6
3 5
19
1 29
1 17
28 2
1 7
1 3
1 2
17
1 16
121
1 8
1 26
2 19
2 6
1 10
2
2 5
1 10
2 22
1 2
5 3
2 3
3
2 13
130
7
1 16
4 6
3 1
1 50
10
1 1
1 2
3 2
1
2
1 10
5
2 15
2 2
14
5 1
5 4
3 10
2
150
11 7
1 29
1 2
1 7
1
9 2
1 6
2 9
2 11
3 19
2
1 47
2 1
2 1
3 19
4 25
1 2
6 1
2 1
2 7
2 16
3 1
2 2
1 1
2 31
1 10
6 1
1 5
66
3 13
22 1
2 4
1 21
4 6
85
3
34
2
3
6
1 26
3 3
8
1 4
1 23
1 6
2 29
1 18
2 32
1 4
3 15
3 1
1 22
2
8 1
2 8
1 9
6 4
19 1
1 19
1 26
2 1
20
1 25
39 2
1 12
1 5
1 2
1 1
1 9
7
2 7
25
1 20
1 7
1 14
2
4 8
1 3
18
4 2
2
2 6
7
1 46
2 54
1 16
185
3 11
8 5
5 1
15
1 34
30
1 12
19
6
1 7
86
1 36
4 2
2 24
1
2 3
1 57
2
2 10
1 11
18 5
2
2
4 1
1 15
148
1 28
4
1 24
1 20
4 7
62
1 69
1 28
2 2
5 1
1 6
7 2
1 73
1 5
3 13
1 13
6 7
1 11
3 9
1 41
2 1
2
9
1 1
3 35
3 7
4 1
3 7
1 27
2 7
2
2 2
2 19
1
5 1
3 4
3 1
63
4 12
14
1 32
118
1 14
1 31
55
3 17
2 2
1 3
1 8
1 5
1 2
1 9
24 3
2 1
1 20
3
2 1
7
3 3
1 31
5 2
4 1
3 8
1 16
1 8
23 1
2 10
1
1 38
2 1
1 66
6
2 1
1 2
4 13
11 1
1 68
5 1
2 7
8 1
2 2
1 10
6 9
30
1 6
1 4
1 1
1 34
8 8
10 4
1 16
2 7
2 1
1 1
1 2
2 21
2
1 17
16
5
8 5
1 5
1 7
6
1 45
47 3
2 27
22
22
1 10
2 3
2 1
3 13
2 6
1 47
1 17
1 4
7 5
10 1
5 6
19 1
2 27
1 1164
